Category: 央视频道, Name: CCTV-1, Total: 691, Valid: 11, Valid Percent: 1.59%, Whitelist: 0, IPv4: 11, IPv6: 680, Min Delay: 265 ms, Max Speed: 1.51 M/s, Avg Speed: 0.65 M/s, Max Resolution: 1920x1080
Category: 央视频道, Name: CCTV-2, Total: 671, Valid: 9, Valid Percent: 1.34%, Whitelist: 0, IPv4: 9, IPv6: 662, Min Delay: 452 ms, Max Speed: 0.91 M/s, Avg Speed: 0.69 M/s, Max Resolution: 1920x1080
Category: 央视频道, Name: CCTV-3, Total: 638, Valid: 9, Valid Percent: 1.41%, Whitelist: 0, IPv4: 9, IPv6: 629, Min Delay: 499 ms, Max Speed: 0.86 M/s, Avg Speed: 0.58 M/s, Max Resolution: 1920x1080
Category: 央视频道, Name: CCTV-4, Total: 843, Valid: 12, Valid Percent: 1.42%, Whitelist: 0, IPv4: 12, IPv6: 831, Min Delay: 248 ms, Max Speed: 1.66 M/s, Avg Speed: 0.86 M/s, Max Resolution: 1920x1080
Category: 央视频道, Name: CCTV-5, Total: 778, Valid: 6, Valid Percent: 0.77%, Whitelist: 0, IPv4: 6, IPv6: 772, Min Delay: 454 ms, Max Speed: 0.91 M/s, Avg Speed: 0.73 M/s, Max Resolution: 1920x1080
Category: 央视频道, Name: CCTV-5+, Total: 555, Valid: 12, Valid Percent: 2.16%, Whitelist: 0, IPv4: 12, IPv6: 543, Min Delay: 65 ms, Max Speed: 56.74 M/s, Avg Speed: 17.52 M/s, Max Resolution: 1920x1080
Category: 央视频道, Name: CCTV-6, Total: 658, Valid: 6, Valid Percent: 0.91%, Whitelist: 0, IPv4: 6, IPv6: 652, Min Delay: 471 ms, Max Speed: 0.87 M/s, Avg Speed: 0.57 M/s, Max Resolution: 1920x1080
Category: 央视频道, Name: CCTV-7, Total: 648, Valid: 8, Valid Percent: 1.23%, Whitelist: 0, IPv4: 8, IPv6: 640, Min Delay: 263 ms, Max Speed: 1.53 M/s, Avg Speed: 0.66 M/s, Max Resolution: 1920x1080
Category: 央视频道, Name: CCTV-8, Total: 642, Valid: 7, Valid Percent: 1.09%, Whitelist: 0, IPv4: 7, IPv6: 635, Min Delay: 448 ms, Max Speed: 0.89 M/s, Avg Speed: 0.59 M/s, Max Resolution: 1920x1080
Category: 央视频道, Name: CCTV-9, Total: 635, Valid: 9, Valid Percent: 1.42%, Whitelist: 0, IPv4: 9, IPv6: 626, Min Delay: 469 ms, Max Speed: 0.90 M/s, Avg Speed: 0.58 M/s, Max Resolution: 1920x1080
Category: 央视频道, Name: CCTV-10, Total: 630, Valid: 8, Valid Percent: 1.27%, Whitelist: 0, IPv4: 8, IPv6: 622, Min Delay: 243 ms, Max Speed: 1.65 M/s, Avg Speed: 0.65 M/s, Max Resolution: 1920x1080
Category: 央视频道, Name: CCTV-11, Total: 640, Valid: 9, Valid Percent: 1.41%, Whitelist: 0, IPv4: 9, IPv6: 631, Min Delay: 456 ms, Max Speed: 0.89 M/s, Avg Speed: 0.60 M/s, Max Resolution: 1920x1080
Category: 央视频道, Name: CCTV-12, Total: 650, Valid: 7, Valid Percent: 1.08%, Whitelist: 0, IPv4: 7, IPv6: 643, Min Delay: 461 ms, Max Speed: 0.91 M/s, Avg Speed: 0.53 M/s, Max Resolution: 1920x1080
Category: 央视频道, Name: CCTV-13, Total: 731, Valid: 11, Valid Percent: 1.50%, Whitelist: 0, IPv4: 11, IPv6: 720, Min Delay: 75 ms, Max Speed: 49.62 M/s, Avg Speed: 5.15 M/s, Max Resolution: 1920x1080
Category: 央视频道, Name: CCTV-14, Total: 648, Valid: 10, Valid Percent: 1.54%, Whitelist: 0, IPv4: 10, IPv6: 638, Min Delay: 450 ms, Max Speed: 0.91 M/s, Avg Speed: 0.69 M/s, Max Resolution: 1920x1080
Category: 央视频道, Name: CCTV-15, Total: 637, Valid: 10, Valid Percent: 1.57%, Whitelist: 0, IPv4: 10, IPv6: 627, Min Delay: 74 ms, Max Speed: 59.20 M/s, Avg Speed: 6.39 M/s, Max Resolution: 1920x1080
Category: 央视频道, Name: CCTV-16, Total: 143, Valid: 12, Valid Percent: 8.39%, Whitelist: 0, IPv4: 13, IPv6: 130, Min Delay: 80 ms, Max Speed: 60.95 M/s, Avg Speed: 9.81 M/s, Max Resolution: 3840x2160
Category: 央视频道, Name: CCTV-17, Total: 642, Valid: 7, Valid Percent: 1.09%, Whitelist: 0, IPv4: 7, IPv6: 635, Min Delay: 87 ms, Max Speed: 65.40 M/s, Avg Speed: 9.84 M/s, Max Resolution: 1920x1080
Category: 卫视频道, Name: 广东卫视, Total: 949, Valid: 7, Valid Percent: 0.74%, Whitelist: 0, IPv4: 7, IPv6: 942, Min Delay: 464 ms, Max Speed: 0.89 M/s, Avg Speed: 0.57 M/s, Max Resolution: 1920x1080
Category: 卫视频道, Name: 浙江卫视, Total: 755, Valid: 7, Valid Percent: 0.93%, Whitelist: 0, IPv4: 7, IPv6: 748, Min Delay: 468 ms, Max Speed: 0.88 M/s, Avg Speed: 0.69 M/s, Max Resolution: 1920x1080
Category: 卫视频道, Name: 湖南卫视, Total: 723, Valid: 7, Valid Percent: 0.97%, Whitelist: 0, IPv4: 7, IPv6: 716, Min Delay: 5 ms, Max Speed: 20.45 M/s, Avg Speed: 3.44 M/s, Max Resolution: 1920x1080
Category: 卫视频道, Name: 北京卫视, Total: 1099, Valid: 9, Valid Percent: 0.82%, Whitelist: 0, IPv4: 9, IPv6: 1090, Min Delay: 5 ms, Max Speed: 22.58 M/s, Avg Speed: 3.06 M/s, Max Resolution: 1920x1080
Category: 卫视频道, Name: 安徽卫视, Total: 542, Valid: 0, Valid Percent: 0.00%, Whitelist: 0, IPv4: 0, IPv6: 542, Min Delay: -1 ms, Max Speed: 0.00 M/s, Avg Speed: 0.00 M/s, Max Resolution: None
Category: 卫视频道, Name: 重庆卫视, Total: 886, Valid: 4, Valid Percent: 0.45%, Whitelist: 0, IPv4: 4, IPv6: 882, Min Delay: 490 ms, Max Speed: 0.87 M/s, Avg Speed: 0.57 M/s, Max Resolution: 1920x1080
Category: 卫视频道, Name: 东方卫视, Total: 980, Valid: 8, Valid Percent: 0.82%, Whitelist: 0, IPv4: 8, IPv6: 972, Min Delay: 469 ms, Max Speed: 0.94 M/s, Avg Speed: 0.76 M/s, Max Resolution: 1920x1080
Category: 卫视频道, Name: 东南卫视, Total: 716, Valid: 10, Valid Percent: 1.40%, Whitelist: 0, IPv4: 10, IPv6: 706, Min Delay: 6 ms, Max Speed: 17.12 M/s, Avg Speed: 2.35 M/s, Max Resolution: 1920x1080
Category: 卫视频道, Name: 河南卫视, Total: 1042, Valid: 16, Valid Percent: 1.54%, Whitelist: 0, IPv4: 16, IPv6: 1026, Min Delay: 6 ms, Max Speed: 19.89 M/s, Avg Speed: 1.82 M/s, Max Resolution: 1920x1080
Category: 卫视频道, Name: 江苏卫视, Total: 1083, Valid: 13, Valid Percent: 1.20%, Whitelist: 0, IPv4: 13, IPv6: 1070, Min Delay: 463 ms, Max Speed: 0.94 M/s, Avg Speed: 0.77 M/s, Max Resolution: 1920x1080
Category: 卫视频道, Name: 山东卫视, Total: 535, Valid: 1, Valid Percent: 0.19%, Whitelist: 0, IPv4: 1, IPv6: 534, Min Delay: 5 ms, Max Speed: 22.18 M/s, Avg Speed: 22.18 M/s, Max Resolution: None
Category: 卫视频道, Name: 四川卫视, Total: 529, Valid: 9, Valid Percent: 1.70%, Whitelist: 0, IPv4: 9, IPv6: 520, Min Delay: 79 ms, Max Speed: 70.25 M/s, Avg Speed: 8.38 M/s, Max Resolution: 1920x1080
Category: 卫视频道, Name: 天津卫视, Total: 582, Valid: 3, Valid Percent: 0.52%, Whitelist: 0, IPv4: 3, IPv6: 579, Min Delay: 461 ms, Max Speed: 3.75 M/s, Avg Speed: 1.84 M/s, Max Resolution: 1920x1080
Category: 卫视频道, Name: 广东新闻, Total: 90, Valid: 0, Valid Percent: 0.00%, Whitelist: 0, IPv4: 0, IPv6: 90, Min Delay: -1 ms, Max Speed: 0.00 M/s, Avg Speed: 0.00 M/s, Max Resolution: None
Category: 卫视频道, Name: 广州综合, Total: 16, Valid: 0, Valid Percent: 0.00%, Whitelist: 0, IPv4: 0, IPv6: 16, Min Delay: -1 ms, Max Speed: 0.00 M/s, Avg Speed: 0.00 M/s, Max Resolution: None
Category: 卫视频道, Name: 广州新闻, Total: 16, Valid: 0, Valid Percent: 0.00%, Whitelist: 0, IPv4: 0, IPv6: 16, Min Delay: -1 ms, Max Speed: 0.00 M/s, Avg Speed: 0.00 M/s, Max Resolution: None
Category: 卫视频道, Name: 求索纪录, Total: 3, Valid: 0, Valid Percent: 0.00%, Whitelist: 0, IPv4: 0, IPv6: 3, Min Delay: -1 ms, Max Speed: 0.00 M/s, Avg Speed: 0.00 M/s, Max Resolution: None
Category: 卫视频道, Name: 求索科学, Total: 1, Valid: 0, Valid Percent: 0.00%, Whitelist: 0, IPv4: 0, IPv6: 1, Min Delay: -1 ms, Max Speed: 0.00 M/s, Avg Speed: 0.00 M/s, Max Resolution: None
Category: 卫视频道, Name: 金鹰纪实, Total: 14, Valid: 0, Valid Percent: 0.00%, Whitelist: 0, IPv4: 0, IPv6: 14, Min Delay: -1 ms, Max Speed: 0.00 M/s, Avg Speed: 0.00 M/s, Max Resolution: None
